#-----------------------------------------------------------
# Vivado v2021.2 (64-bit)
# SW Build 3367213 on Tue Oct 19 02:48:09 MDT 2021
# IP Build 3369179 on Thu Oct 21 08:25:16 MDT 2021
# Start of session at: Thu Jan 27 09:37:54 2022
# Process ID: 59184
# Current directory: D:/jim/repos/RFSoC_GTY/vivado_project/RFSoC_GTY.runs/top_level_block_system_ila_0_0_synth_1
# Command line: vivado.exe -log top_level_block_system_ila_0_0.vds -product Vivado -mode batch -messageDb vivado.pb -notrace -source top_level_block_system_ila_0_0.tcl
# Log file: D:/jim/repos/RFSoC_GTY/vivado_project/RFSoC_GTY.runs/top_level_block_system_ila_0_0_synth_1/top_level_block_system_ila_0_0.vds
# Journal file: D:/jim/repos/RFSoC_GTY/vivado_project/RFSoC_GTY.runs/top_level_block_system_ila_0_0_synth_1\vivado.jou
# Running On: NLO, OS: Windows, CPU Frequency: 2295 MHz, CPU Physical cores: 16, Host memory: 549385 MB
#-----------------------------------------------------------
source top_level_block_system_ila_0_0.tcl -notrace
